Microchip MPLAB XC8 Compiler V2.46

Linker command line:

-W-3 \
  --edf=C:\Program Files\Microchip\xc8\v2.46\pic\dat\20240104201356_en.msgs \
  -cn -h+dist/default/production\sterowanieswiatlemgrupa2.X.production.sym \
  --cmf=dist/default/production\sterowanieswiatlemgrupa2.X.production.cmf \
  -z -Q16F74 -oC:\Users\Android7\AppData\Local\Temp\xcAsd2c.\driver_tmp_3.o \
  --defsym=__MPLAB_BUILD=1 --fixupoverflow=error \
  -Mdist/default/production/sterowanieswiatlemgrupa2.X.production.map \
  --md=C:\Users\Android7\AppData\Local\Temp\xcAsd2c.\driver_tmp_0.dat -E1 \
  -ver=XC8 Compiler --acfsm=1493 -ACODE=00h-07FFhx2 -ASTRCODE=00h-0FFFh \
  -ASTRING=00h-0FFhx16 -ACONST=00h-0FFhx16 -AENTRY=00h-0FFhx16 \
  -ABANK0=020h-07Dh -ABANK1=0A0h-0FDh -ARAM=020h-07Dh,0A0h-0FDh \
  -AABS1=020h-07Fh,0A0h-0FFh -ACOMMON=07Eh-07Fh -ASFR0=00h-01Fh \
  -ASFR1=080h-09Fh -ASFR2=0100h-017Dh -ASFR3=0180h-01FDh \
  -ACONFIG=02007h-02007h -DCONFIG=2 -AIDLOC=02000h-02003h -DIDLOC=2 \
  -DCODE=2 -DSTRCODE=2 -DSTRING=2 -DCONST=2 -DENTRY=2 \
  -preset_vec=00h,intentry=04h,sivt,init,end_init -ppowerup=CODE \
  -pcinit=CODE -pfunctab=ENTRY -k \
  C:\Users\Android7\AppData\Local\Temp\xcAsd2c.\driver_tmp_9.o \
  dist/default/production\sterowanieswiatlemgrupa2.X.production.o 

Object code version is 3.11

Machine type is 16F74



                Name                               Link     Load   Length Selector   Space Scale
C:\Users\Android7\AppData\Local\Temp\xcAsd2c.\driver_tmp_9.o
                end_init                              D        D        2        8       0
                reset_vec                             0        0        2        0       0
                config                             2007     2007        1        0       4
dist/default/production\sterowanieswiatlemgrupa2.X.production.o
                cinit                                 F        F        8        8       0
                intentry                              4        4        9        8       0
                config                             2007     2007        1        0       4
                text3                                46       46       27        8       0
                text2                                88       88        9        8       0
                text1                                6D       6D       1B        8       0
                maintext                             17       17       2F        8       0
                cstackBANK0                          20       20        7       20       1
                dataBANK0                            28       28        1       20       1
                bssBANK0                             27       27        1       20       1
                idataBANK0                           91       91        1        8       0

TOTAL           Name                               Link     Load   Length     Space
        CLASS   CODE           
                end_init                              D        D        2         0
                cinit                                 F        F        8         0
                intentry                              4        4        9         0
                reset_vec                             0        0        2         0
                text3                                46       46       27         0
                text2                                88       88        9         0
                text1                                6D       6D       1B         0
                maintext                             17       17       2F         0
                idataBANK0                           91       91        1         0

        CLASS   STRCODE        

        CLASS   STRING         

        CLASS   CONST          

        CLASS   ENTRY          

        CLASS   BANK0          
                cstackBANK0                          20       20        7         1
                dataBANK0                            28       28        1         1
                bssBANK0                             27       27        1         1

        CLASS   BANK1          

        CLASS   RAM            

        CLASS   ABS1           
                abs_s1                               7E       7E        2         1

        CLASS   COMMON         

        CLASS   SFR0           

        CLASS   SFR1           

        CLASS   SFR2           

        CLASS   SFR3           

        CLASS   CONFIG         
                config                             2007     2007        1         4

        CLASS   IDLOC          

        CLASS   BANK3          

        CLASS   BANK2          

        CLASS   HEAP           

        CLASS   STACK          

        CLASS   EEDATA         



SEGMENTS        Name                           Load    Length   Top    Selector   Space  Class     Delta

                reset_vec                      000000  000002  000002         0       0  CODE        2
                intentry                       000004  00008E  000092         8       0  CODE        2
                cstackBANK0                    000020  000009  000029        20       1  BANK0       1


UNUSED ADDRESS RANGES

        Name                Unused          Largest block    Delta
        BANK0            0029-007D             55           1
        BANK1            00A0-00FD             5E           1
        CODE             0002-0003              2           2
                         0092-0FFF            76E
        CONST            0002-0003              2           2
                         0092-0FFF            100
        ENTRY            0002-0003              2           2
                         0092-0FFF            100
        IDLOC            2000-2003              4           2
        RAM              0029-007D             55           1
                         00A0-00FD             5E
        SFR0             0000-001F             20           1
        SFR1             0080-009F             20           1
        SFR2             0100-017D             7E           1
        SFR3             0180-01FD             7E           1
        STRCODE          0002-0003              2           2
                         0092-0FFF            F6E
        STRING           0002-0003              2           2
                         0092-0FFF            100

                                  Symbol Table

_ADCON0                  (abs)        001F
_ADCON0bits              (abs)        001F
_ADCON1                  (abs)        009F
_ADRES                   (abs)        001E
_AD_Int                  text3        0046
_IE_ENABLE               text2        0088
_INTCONbits              (abs)        000B
_PIE1bits                (abs)        008C
_PIR1bits                (abs)        000C
_PORTD                   (abs)        0008
_PORTDbits               (abs)        0008
_SetA_D                  text1        006D
_TRISD                   (abs)        0088
__H__absolute__          __absolute__ 0000
__Habs1                  abs1         0000
__Hbank0                 bank0        0000
__Hbank1                 bank1        0000
__Hbank2                 bank2        0000
__Hbank3                 bank3        0000
__HbssBANK0              bssBANK0     0000
__Hcinit                 cinit        0017
__Hclrtext               clrtext      0000
__Hcode                  code         0000
__Hcommon                common       0000
__Hconfig                config       2008
__HcstackBANK0           cstackBANK0  0000
__HcstackCOMMON          cstackCOMMON 0000
__HdataBANK0             dataBANK0    0000
__Heeprom_data           eeprom_data  0000
__Hend_init              end_init     000F
__Hfunctab               functab      0000
__Hheap                  heap         0000
__HidataBANK0            idataBANK0   0000
__Hinit                  init         000D
__Hintentry              intentry     000D
__Hmaintext              maintext     0000
__Hpowerup               powerup      0000
__Hram                   ram          0000
__Hreset_vec             reset_vec    0002
__Hsfr0                  sfr0         0000
__Hsfr1                  sfr1         0000
__Hsfr2                  sfr2         0000
__Hsfr3                  sfr3         0000
__Hsivt                  sivt         000D
__Hspace_0               (abs)        0092
__Hspace_1               (abs)        0029
__Hspace_2               (abs)        0000
__Hspace_3               (abs)        0000
__Hspace_4               (abs)        400F
__Hstack                 stack        0000
__Hstrings               strings      0000
__Htext                  text         0000
__L__absolute__          __absolute__ 0000
__Labs1                  abs1         0000
__Lbank0                 bank0        0000
__Lbank1                 bank1        0000
__Lbank2                 bank2        0000
__Lbank3                 bank3        0000
__LbssBANK0              bssBANK0     0000
__Lcinit                 cinit        000F
__Lclrtext               clrtext      0000
__Lcode                  code         0000
__Lcommon                common       0000
__Lconfig                config       0000
__LcstackBANK0           cstackBANK0  0000
__LcstackCOMMON          cstackCOMMON 0000
__LdataBANK0             dataBANK0    0000
__Leeprom_data           eeprom_data  0000
__Lend_init              end_init     000D
__Lfunctab               functab      0000
__Lheap                  heap         0000
__LidataBANK0            idataBANK0   0000
__Linit                  init         000D
__Lintentry              intentry     0004
__Lmaintext              maintext     0000
__Lpowerup               powerup      0000
__Lram                   ram          0000
__Lreset_vec             reset_vec    0000
__Lsfr0                  sfr0         0000
__Lsfr1                  sfr1         0000
__Lsfr2                  sfr2         0000
__Lsfr3                  sfr3         0000
__Lsivt                  sivt         000D
__Lspace_0               (abs)        0000
__Lspace_1               (abs)        0000
__Lspace_2               (abs)        0000
__Lspace_3               (abs)        0000
__Lspace_4               (abs)        0000
__Lstack                 stack        0000
__Lstrings               strings      0000
__Ltext                  text         0000
__S0                     (abs)        0092
__S1                     (abs)        0029
___heap_hi               (abs)        0000
___heap_lo               (abs)        0000
___int_sp                stack        0000
___int_stack_hi          stack        0000
___int_stack_lo          stack        0000
___latbits               (abs)        0001
___sp                    stack        0000
___stack_hi              stack        0000
___stack_lo              stack        0000
___stackhi               (abs)        0000
___stacklo               (abs)        0000
__end_of_AD_Int          text3        006D
__end_of_IE_ENABLE       text2        0091
__end_of_SetA_D          text1        0088
__end_of__initialization cinit        0014
__end_of_main            maintext     0046
__initialization         cinit        000F
__pbssBANK0              bssBANK0     0027
__pcstackBANK0           cstackBANK0  0020
__pcstackCOMMON          cstackCOMMON 0000
__pdataBANK0             dataBANK0    0028
__pidataBANK0            idataBANK0   0091
__pintentry              intentry     0004
__pmaintext              maintext     0017
__ptext1                 text1        006D
__ptext2                 text2        0088
__ptext3                 text3        0046
_main                    maintext     0017
_portd_mask              dataBANK0    0028
_wynik                   bssBANK0     0027
btemp                    (abs)        007E
end_of_initialization    cinit        0014
interrupt_function       intentry     0004
intlevel0                functab      0000
intlevel1                functab      0000
intlevel2                functab      0000
intlevel3                functab      0000
intlevel4                functab      0000
intlevel5                functab      0000
reset_vec                reset_vec    0000
saved_w                  (abs)        007E
start                    init         000D
start_initialization     cinit        000F
wtemp0                   (abs)        007E


MODULE INFORMATION

Module		Function		Class		Link	Load	Size
shared
		__initialization		CODE           	000F	0000	5

shared estimated size: 5

main.c
		_main          		CODE           	0017	0000	47
		_AD_Int        		CODE           	0046	0000	39
		_SetA_D        		CODE           	006D	0000	27
		_IE_ENABLE     		CODE           	0088	0000	9

main.c estimated size: 122

